


ARM Macro Assembler    Page 1 


    1 00000000         ;*******************************************************
                       *****************
    2 00000000                 THUMB
    3 00000000                 REQUIRE8
    4 00000000                 PRESERVE8
    5 00000000         ;*******************************************************
                       *****************
    6 00000000         ;      IMPORT/EXPORT Système
    7 00000000         ;*******************************************************
                       *****************
    8 00000000         
    9 00000000                 IMPORT           ||Lib$$Request$$armlib|| [CODE,
WEAK]
   10 00000000         
   11 00000000                 EXPORT           Barrette1
   12 00000000         
   13 00000000         ;*******************************************************
                       ************************
   14 00000000                 AREA             mesdonnees, data, readwrite
   15 00000000         
   16 00000000         ; Rouge  Vert  Bleu
   17 00000000 01 02 03 
                       Barrette1
                               DCB              1,     2,  3
   18 00000003 04 05 06        DCB              4,  5,  6
   19 00000006 07 08 09        DCB              7,  8,  9
   20 00000009 0A 0B 0C        DCB              10,  11,  12
   21 0000000C 0D 0E 0F        DCB              13,  14,  15
   22 0000000F 10 11 12        DCB              16,  17,  18
   23 00000012 13 14 15        DCB              19,  20,  21
   24 00000015 16 17 18        DCB              22,  23,  24
   25 00000018 19 1A 1B        DCB              25,  26,  27
   26 0000001B 1C 1D 1E        DCB              28,  29,  30
   27 0000001E 1F 20 21        DCB              31,  32,  33
   28 00000021 22 23 24        DCB              34,  35,  36
   29 00000024 25 26 27        DCB              37,  38,  39
   30 00000027 28 29 2A        DCB              40,  41,  42
   31 0000002A 2B 2C 2D        DCB              43,  44,  45
   32 0000002D 2E 2F 32        DCB              46,  47,  50
   33 00000030         
   34 00000030                 END
Command Line: --debug --xref --diag_suppress=9931 --cpu=Cortex-M3 --apcs=interw
ork --depend=.\objects\lumiere.d -o.\objects\lumiere.o -I.\RTE\Device\STM32F103
RB -I.\RTE\_Simul_ -IC:\Users\emarina\AppData\Local\Arm\Packs\ARM\CMSIS\5.6.0\C
MSIS\Core\Include -IC:\Users\emarina\AppData\Local\Arm\Packs\Keil\STM32F1xx_DFP
\2.3.0\Device\Include --predefine="__EVAL SETA 1" --predefine="__MICROLIB SETA 
1" --predefine="__UVISION_VERSION SETA 529" --predefine="_RTE_ SETA 1" --predef
ine="STM32F10X_MD SETA 1" --predefine="STM32F10X_MD SETA 1" --list=.\listings\l
umiere.lst Lumiere.s



ARM Macro Assembler    Page 1 Alphabetic symbol ordering
Relocatable symbols

Barrette1 00000000

Symbol: Barrette1
   Definitions
      At line 17 in file Lumiere.s
   Uses
      At line 11 in file Lumiere.s
Comment: Barrette1 used once
mesdonnees 00000000

Symbol: mesdonnees
   Definitions
      At line 14 in file Lumiere.s
   Uses
      None
Comment: mesdonnees unused
2 symbols



ARM Macro Assembler    Page 1 Alphabetic symbol ordering
External symbols

|Lib$$Request$$armlib| 00000000

Symbol: |Lib$$Request$$armlib|
   Definitions
      At line 9 in file Lumiere.s
   Uses
      None
Comment: |Lib$$Request$$armlib| unused
1 symbol
338 symbols in table
