


ARM Macro Assembler    Page 1 


    1 00000000         ;*******************************************************
                       *****************
    2 00000000                 THUMB
    3 00000000                 REQUIRE8
    4 00000000                 PRESERVE8
    5 00000000         ;*******************************************************
                       *****************
    6 00000000         ;      IMPORT/EXPORT Système
    7 00000000         ;*******************************************************
                       *****************
    8 00000000         
    9 00000000                 IMPORT           ||Lib$$Request$$armlib|| [CODE,
WEAK]
   10 00000000         
   11 00000000                 EXPORT           Barrette1
   12 00000000         
   13 00000000         ;*******************************************************
                       ************************
   14 00000000                 AREA             mesdonnees, data, readwrite
   15 00000000         
   16 00000000         ; Rouge  Vert  Bleu
   17 00000000 FF 00 00 
                       Barrette1
                               DCB              255, 0,  0
   18 00000003 00 00 00        DCB              0,  0,  0
   19 00000006 00 00 00        DCB              0,  0,  0
   20 00000009 00 00 00        DCB              0,  0,  0
   21 0000000C 00 00 00        DCB              0,  0,  0
   22 0000000F 00 00 00        DCB              0,  0,  0
   23 00000012 00 00 00        DCB              0,  0,  0
   24 00000015 00 00 00        DCB              0,  0,  0
   25 00000018 00 00 00        DCB              0,  0,  0
   26 0000001B 00 00 00        DCB              0,  0,  0
   27 0000001E 00 00 00        DCB              0,  0,  0
   28 00000021 00 00 00        DCB              0,  0,  0
   29 00000024 00 00 00        DCB              0,  0,  0
   30 00000027 00 00 00        DCB              0,  0,  0
   31 0000002A 00 00 00        DCB              0,  0,  0
   32 0000002D 00 00 00        DCB              0,  0,  0
   33 00000030         
   34 00000030                 END
Command Line: --debug --xref --diag_suppress=9931 --cpu=Cortex-M3 --apcs=interw
ork --depend=.\objects\lumiere.d -o.\objects\lumiere.o -I.\RTE\Device\STM32F103
RB -I.\RTE\_Simul_ -IC:\Users\emarina\AppData\Local\Arm\Packs\ARM\CMSIS\5.6.0\C
MSIS\Core\Include -IC:\Users\emarina\AppData\Local\Arm\Packs\Keil\STM32F1xx_DFP
\2.3.0\Device\Include --predefine="__EVAL SETA 1" --predefine="__MICROLIB SETA 
1" --predefine="__UVISION_VERSION SETA 529" --predefine="_RTE_ SETA 1" --predef
ine="STM32F10X_MD SETA 1" --predefine="STM32F10X_MD SETA 1" --list=.\listings\l
umiere.lst Lumiere.s



ARM Macro Assembler    Page 1 Alphabetic symbol ordering
Relocatable symbols

Barrette1 00000000

Symbol: Barrette1
   Definitions
      At line 17 in file Lumiere.s
   Uses
      At line 11 in file Lumiere.s
Comment: Barrette1 used once
mesdonnees 00000000

Symbol: mesdonnees
   Definitions
      At line 14 in file Lumiere.s
   Uses
      None
Comment: mesdonnees unused
2 symbols



ARM Macro Assembler    Page 1 Alphabetic symbol ordering
External symbols

|Lib$$Request$$armlib| 00000000

Symbol: |Lib$$Request$$armlib|
   Definitions
      At line 9 in file Lumiere.s
   Uses
      None
Comment: |Lib$$Request$$armlib| unused
1 symbol
338 symbols in table
